通过: run-v12 (13973 ms)
通过: pipetting-v12 (6367 ms)
通过: v12-database (85 ms)
通过: refactor (15708 ms)
通过: legacy (19725 ms)
通过: compact-ui (6521 ms)
通过: plate (2058 ms)
通过: storage-appearance (5257 ms)
通过: appearance (27433 ms)
通过: integration (3490 ms)
通过: database (104 ms)
通过: rejection (1299 ms)
通过: visual-v11 (6447 ms)
通过: standalone-v11 (1826 ms)
通过: ux-v13 (32101 ms)
通过: formal-exports (1443 ms)
通过: navigation-icons (40339 ms)
通过: colony-v13 (1321 ms)
通过: cache-clear-failure (1458 ms)
通过: copy-recent (4195 ms)
通过: transfection (2274 ms)
通过: transfection-database (1214 ms)
