
 RUN  v4.1.10 /Users/annayzhu/Documents/Playground/LabNest-debug-20260910

 ❯ src/lib/scientific-tiptap.test.ts (7 tests | 1 failed) 15ms
   × retains paragraph layout with existing typography through markdown storage 6ms
 ❯ src/lib/protocol-tiptap.test.ts (5 tests | 1 failed) 15ms
   × retains paragraph layout after validation and reopening 6ms

⎯⎯⎯⎯⎯⎯⎯ Failed Tests 2 ⎯⎯⎯⎯⎯⎯⎯

 FAIL  src/lib/protocol-tiptap.test.ts > retains paragraph layout after validation and reopening
AssertionError: expected { protocolBlockId: 'layout', …(4) } to match object { textAlign: 'right', …(3) }
(5 matching properties omitted from actual)

- Expected
+ Received

  {
-   "documentIndent": 2,
-   "spaceAfterPt": 12,
-   "spaceBeforePt": 6,
-   "textAlign": "right",
+   "documentLineHeight": null,
+   "protocolBlockId": "layout",
+   "protocolBlockType": "rich_text",
+   "protocolFontFamily": null,
+   "protocolLineHeight": null,
  }

 ❯ src/lib/protocol-tiptap.test.ts:110:50
    108|   const saved=tiptapToProtocolDocument(json);
    109|   const reopened=protocolDocumentToTiptap(saved);
    110|   expect(reopened.content![0].content![0].attrs).toMatchObject({textAl…
       |                                                  ^
    111| });
    112|

⎯⎯⎯⎯⎯⎯⎯⎯⎯⎯⎯⎯⎯⎯⎯⎯⎯⎯⎯⎯⎯⎯⎯⎯[1/2]⎯

 FAIL  src/lib/scientific-tiptap.test.ts > retains paragraph layout with existing typography through markdown storage
AssertionError: expected { …(5) } to match object { textAlign: 'justify', …(4) }
(4 matching properties omitted from actual)

- Expected
+ Received

  {
-   "documentIndent": 3,
    "documentLineHeight": 2,
-   "spaceAfterPt": 12,
-   "spaceBeforePt": 6,
-   "textAlign": "justify",
  }

 ❯ src/lib/scientific-tiptap.test.ts:93:37
     91|  const saved=tiptapToMarkdownRichText(json);
     92|  const reopened=markdownRichTextToTiptap(saved);
     93|  expect(reopened.content![0].attrs).toMatchObject({textAlign:"justify"…
       |                                     ^
     94|  expect(tiptapToMarkdownRichText(reopened)).toBe(saved);
     95| });

⎯⎯⎯⎯⎯⎯⎯⎯⎯⎯⎯⎯⎯⎯⎯⎯⎯⎯⎯⎯⎯⎯⎯⎯[2/2]⎯


 Test Files  2 failed (2)
      Tests  2 failed | 10 passed (12)
   Start at  12:21:59
   Duration  310ms (transform 209ms, setup 0ms, import 352ms, tests 30ms, environment 0ms)

