
 RUN  v4.1.10 /Users/annayzhu/Documents/Playground/LabNest-debug-20260910

 ❯ src/app/experiments/actions.test.ts (1 test | 1 failed) 18ms
   × saving experiment prose cannot clear or replace Run completion flags 17ms

⎯⎯⎯⎯⎯⎯⎯ Failed Tests 1 ⎯⎯⎯⎯⎯⎯⎯

 FAIL  src/app/experiments/actions.test.ts > saving experiment prose cannot clear or replace Run completion flags
AssertionError: expected "vi.fn()" to not be called at all, but actually been called 1 times

Received:

  1st vi.fn() call:

    Array [
      Object {
        "data": Object {
          "completed": false,
          "completedAt": null,
        },
        "where": Object {
          "id": "step",
        },
      },
    ]


Number of calls: 1

 ❯ src/app/experiments/actions.test.ts:6:386


⎯⎯⎯⎯⎯⎯⎯⎯⎯⎯⎯⎯⎯⎯⎯⎯⎯⎯⎯⎯⎯⎯⎯⎯[1/1]⎯


 Test Files  1 failed (1)
      Tests  1 failed (1)
   Start at  13:10:37
   Duration  542ms (transform 217ms, setup 0ms, import 345ms, tests 18ms, environment 0ms)

