
 RUN  v4.1.10 /Users/annayzhu/Documents/Playground/LabNest-debug-20260910

 ❯ src/lib/run-step-content.test.ts (9 tests | 3 failed) 18ms
   × heading binds tables, images and text to the correct step in source order 6ms
   × heading2 binds tables, images and text to the correct step in source order 2ms
   × heading3 binds tables, images and text to the correct step in source order 1ms

⎯⎯⎯⎯⎯⎯⎯ Failed Tests 3 ⎯⎯⎯⎯⎯⎯⎯

 FAIL  src/lib/run-step-content.test.ts > heading binds tables, images and text to the correct step in source order
AssertionError: expected '{"reference":[{"key":"steps","title":…' not to contain 'Table A'

Expected: "Table A"
Received: "{"reference":[{"key":"steps","title":"Steps","blocks":[{"id":"prep","type":"text","text":"Shared preparation"},{"id":"a","type":"heading","text":"A"},{"id":"ta","type":"table","rows":[["Table A"]]},{"id":"img","type":"media","mediaType":"image","url":"/a.png"},{"id":"list","type":"rich_text","nodes":[{"type":"bullet","content":[{"text":"A list"}]}]},{"id":"note","type":"text","text":"A note"},{"id":"b","type":"heading","text":"B"},{"id":"tb","type":"table","rows":[["Table B"]]}]}],"blocks":[{"id":"tb","type":"table","rows":[["Table B"]]}],"common":[{"id":"prep","type":"text","text":"Shared preparation"}],"source":"captured-blocks"}"

 ❯ src/lib/run-step-content.test.ts:32:94
     30|  const source={versions:[{protocolVersionId:'v',stepsJson:projection.s…
     31|  const s=projection.steps[1];const resolved=runStepContent(source,{pro…
     32|  expect(resolved.common.map(b=>b.id)).toEqual(['prep']);expect(JSON.st…
       |                                                                                              ^
     33| });
     34| it('recovers a v1.2 rich heading with missing table from its frozen so…

⎯⎯⎯⎯⎯⎯⎯⎯⎯⎯⎯⎯⎯⎯⎯⎯⎯⎯⎯⎯⎯⎯⎯⎯[1/3]⎯

 FAIL  src/lib/run-step-content.test.ts > heading2 binds tables, images and text to the correct step in source order
AssertionError: expected '{"reference":[{"key":"steps","title":…' not to contain 'Table A'

Expected: "Table A"
Received: "{"reference":[{"key":"steps","title":"Steps","blocks":[{"id":"prep","type":"text","text":"Shared preparation"},{"id":"a","type":"rich_text","nodes":[{"type":"heading2","content":[{"text":"A"}]}]},{"id":"ta","type":"table","rows":[["Table A"]]},{"id":"img","type":"media","mediaType":"image","url":"/a.png"},{"id":"list","type":"rich_text","nodes":[{"type":"bullet","content":[{"text":"A list"}]}]},{"id":"note","type":"text","text":"A note"},{"id":"b","type":"rich_text","nodes":[{"type":"heading2","content":[{"text":"B"}]}]},{"id":"tb","type":"table","rows":[["Table B"]]}]}],"blocks":[{"id":"tb","type":"table","rows":[["Table B"]]}],"common":[{"id":"prep","type":"text","text":"Shared preparation"}],"source":"captured-blocks"}"

 ❯ src/lib/run-step-content.test.ts:32:94
     30|  const source={versions:[{protocolVersionId:'v',stepsJson:projection.s…
     31|  const s=projection.steps[1];const resolved=runStepContent(source,{pro…
     32|  expect(resolved.common.map(b=>b.id)).toEqual(['prep']);expect(JSON.st…
       |                                                                                              ^
     33| });
     34| it('recovers a v1.2 rich heading with missing table from its frozen so…

⎯⎯⎯⎯⎯⎯⎯⎯⎯⎯⎯⎯⎯⎯⎯⎯⎯⎯⎯⎯⎯⎯⎯⎯[2/3]⎯

 FAIL  src/lib/run-step-content.test.ts > heading3 binds tables, images and text to the correct step in source order
AssertionError: expected '{"reference":[{"key":"steps","title":…' not to contain 'Table A'

Expected: "Table A"
Received: "{"reference":[{"key":"steps","title":"Steps","blocks":[{"id":"prep","type":"text","text":"Shared preparation"},{"id":"a","type":"rich_text","nodes":[{"type":"heading3","content":[{"text":"A"}]}]},{"id":"ta","type":"table","rows":[["Table A"]]},{"id":"img","type":"media","mediaType":"image","url":"/a.png"},{"id":"list","type":"rich_text","nodes":[{"type":"bullet","content":[{"text":"A list"}]}]},{"id":"note","type":"text","text":"A note"},{"id":"b","type":"rich_text","nodes":[{"type":"heading3","content":[{"text":"B"}]}]},{"id":"tb","type":"table","rows":[["Table B"]]}]}],"blocks":[{"id":"tb","type":"table","rows":[["Table B"]]}],"common":[{"id":"prep","type":"text","text":"Shared preparation"}],"source":"captured-blocks"}"

 ❯ src/lib/run-step-content.test.ts:32:94
     30|  const source={versions:[{protocolVersionId:'v',stepsJson:projection.s…
     31|  const s=projection.steps[1];const resolved=runStepContent(source,{pro…
     32|  expect(resolved.common.map(b=>b.id)).toEqual(['prep']);expect(JSON.st…
       |                                                                                              ^
     33| });
     34| it('recovers a v1.2 rich heading with missing table from its frozen so…

⎯⎯⎯⎯⎯⎯⎯⎯⎯⎯⎯⎯⎯⎯⎯⎯⎯⎯⎯⎯⎯⎯⎯⎯[3/3]⎯


 Test Files  1 failed (1)
      Tests  3 failed | 6 passed (9)
   Start at  12:16:36
   Duration  305ms (transform 98ms, setup 0ms, import 168ms, tests 18ms, environment 0ms)

