after chromium 1440 hemocytometer: opened / example / 1 disclosures
after chromium 1440 seeding: opened / example / 3 disclosures
after chromium 1440 hydrogel: opened / example / 3 disclosures
after chromium 1440 split: opened / example / 2 disclosures
after chromium 1440 freezing: opened / example / 3 disclosures
after chromium 1440 transfection: opened / example / 6 disclosures
after chromium 1440 kill-curve: opened / example / 5 disclosures
after chromium 1440 viability: opened / example / 3 disclosures
after chromium 1440 od600: opened / example / 2 disclosures
after chromium 1440 cfu: opened / example / 1 disclosures
after chromium 1440 colony-counter: opened / example / 0 disclosures
after chromium 1440 dilution: opened / example / 4 disclosures
after chromium 1440 serial-dilution: opened / example / 6 disclosures
after chromium 1440 molarity: opened / example / 4 disclosures
after chromium 1440 percent-solution: opened / example / 3 disclosures
after chromium 1440 media-recipe: opened / example / 5 disclosures
after chromium 1440 buffer-recipe: opened / example / 5 disclosures
after chromium 1440 ic50-ec50: opened / example / 5 disclosures
after chromium 1440 master-mix: opened / example / 3 disclosures
after chromium 1440 ligation: opened / example / 1 disclosures
after chromium 1440 tm: opened / example / 2 disclosures
after chromium 1440 dna-rna-conversion: opened / example / 2 disclosures
after chromium 1440 bradford-bca: opened / example / 5 disclosures
after chromium 1440 elisa-4pl: opened / example / 5 disclosures
after chromium 1440 wb-loading: opened / example / 6 disclosures
after chromium 1440 moi: opened / example / 4 disclosures
after chromium 1440 virus-titer: opened / example / 1 disclosures
after chromium 1440 unit-converter: opened / example / 1 disclosures
after chromium 1440 centrifuge: opened / example / 1 disclosures
after chromium 1440 resuspension: opened / example / 4 disclosures
after chromium 1440 normalization: opened / example / 7 disclosures
after chromium 390 hemocytometer: opened / example / 1 disclosures
after chromium 390 seeding: opened / example / 3 disclosures
after chromium 390 hydrogel: opened / example / 3 disclosures
after chromium 390 split: opened / example / 2 disclosures
after chromium 390 freezing: opened / example / 3 disclosures
after chromium 390 transfection: opened / example / 6 disclosures
after chromium 390 kill-curve: opened / example / 5 disclosures
after chromium 390 viability: opened / example / 3 disclosures
after chromium 390 od600: opened / example / 2 disclosures
after chromium 390 cfu: opened / example / 1 disclosures
after chromium 390 colony-counter: opened / example / 0 disclosures
after chromium 390 dilution: opened / example / 4 disclosures
after chromium 390 serial-dilution: opened / example / 6 disclosures
after chromium 390 molarity: opened / example / 4 disclosures
after chromium 390 percent-solution: opened / example / 3 disclosures
after chromium 390 media-recipe: opened / example / 5 disclosures
after chromium 390 buffer-recipe: opened / example / 5 disclosures
after chromium 390 ic50-ec50: opened / example / 5 disclosures
after chromium 390 master-mix: opened / example / 3 disclosures
after chromium 390 ligation: opened / example / 1 disclosures
after chromium 390 tm: opened / example / 2 disclosures
after chromium 390 dna-rna-conversion: opened / example / 2 disclosures
after chromium 390 bradford-bca: opened / example / 5 disclosures
after chromium 390 elisa-4pl: opened / example / 5 disclosures
after chromium 390 wb-loading: opened / example / 6 disclosures
after chromium 390 moi: opened / example / 4 disclosures
after chromium 390 virus-titer: opened / example / 1 disclosures
after chromium 390 unit-converter: opened / example / 1 disclosures
after chromium 390 centrifuge: opened / example / 1 disclosures
after chromium 390 resuspension: opened / example / 4 disclosures
after chromium 390 normalization: opened / example / 7 disclosures
after webkit 1440 hemocytometer: opened / example / 1 disclosures
after webkit 1440 seeding: opened / example / 3 disclosures
after webkit 1440 hydrogel: opened / example / 3 disclosures
after webkit 1440 split: opened / example / 2 disclosures
after webkit 1440 freezing: opened / example / 3 disclosures
after webkit 1440 transfection: opened / example / 6 disclosures
after webkit 1440 kill-curve: opened / example / 5 disclosures
after webkit 1440 viability: opened / example / 3 disclosures
after webkit 1440 od600: opened / example / 2 disclosures
after webkit 1440 cfu: opened / example / 1 disclosures
after webkit 1440 colony-counter: opened / example / 0 disclosures
after webkit 1440 dilution: opened / example / 4 disclosures
after webkit 1440 serial-dilution: opened / example / 6 disclosures
after webkit 1440 molarity: opened / example / 4 disclosures
after webkit 1440 percent-solution: opened / example / 3 disclosures
after webkit 1440 media-recipe: opened / example / 5 disclosures
after webkit 1440 buffer-recipe: opened / example / 5 disclosures
after webkit 1440 ic50-ec50: opened / example / 5 disclosures
after webkit 1440 master-mix: opened / example / 3 disclosures
after webkit 1440 ligation: opened / example / 1 disclosures
after webkit 1440 tm: opened / example / 2 disclosures
after webkit 1440 dna-rna-conversion: opened / example / 2 disclosures
after webkit 1440 bradford-bca: opened / example / 5 disclosures
after webkit 1440 elisa-4pl: opened / example / 5 disclosures
after webkit 1440 wb-loading: opened / example / 6 disclosures
after webkit 1440 moi: opened / example / 4 disclosures
after webkit 1440 virus-titer: opened / example / 1 disclosures
after webkit 1440 unit-converter: opened / example / 1 disclosures
after webkit 1440 centrifuge: opened / example / 1 disclosures
after webkit 1440 resuspension: opened / example / 4 disclosures
after webkit 1440 normalization: opened / example / 7 disclosures
after webkit 390 hemocytometer: opened / example / 1 disclosures
after webkit 390 seeding: opened / example / 3 disclosures
after webkit 390 hydrogel: opened / example / 3 disclosures
after webkit 390 split: opened / example / 2 disclosures
after webkit 390 freezing: opened / example / 3 disclosures
after webkit 390 transfection: opened / example / 6 disclosures
after webkit 390 kill-curve: opened / example / 5 disclosures
after webkit 390 viability: opened / example / 3 disclosures
after webkit 390 od600: opened / example / 2 disclosures
after webkit 390 cfu: opened / example / 1 disclosures
after webkit 390 colony-counter: opened / example / 0 disclosures
after webkit 390 dilution: opened / example / 4 disclosures
after webkit 390 serial-dilution: opened / example / 6 disclosures
after webkit 390 molarity: opened / example / 4 disclosures
after webkit 390 percent-solution: opened / example / 3 disclosures
after webkit 390 media-recipe: opened / example / 5 disclosures
after webkit 390 buffer-recipe: opened / example / 5 disclosures
after webkit 390 ic50-ec50: opened / example / 5 disclosures
after webkit 390 master-mix: opened / example / 3 disclosures
after webkit 390 ligation: opened / example / 1 disclosures
after webkit 390 tm: opened / example / 2 disclosures
after webkit 390 dna-rna-conversion: opened / example / 2 disclosures
after webkit 390 bradford-bca: opened / example / 5 disclosures
after webkit 390 elisa-4pl: opened / example / 5 disclosures
after webkit 390 wb-loading: opened / example / 6 disclosures
after webkit 390 moi: opened / example / 4 disclosures
after webkit 390 virus-titer: opened / example / 1 disclosures
after webkit 390 unit-converter: opened / example / 1 disclosures
after webkit 390 centrifuge: opened / example / 1 disclosures
after webkit 390 resuspension: opened / example / 4 disclosures
after webkit 390 normalization: opened / example / 7 disclosures
