通过: reaction-mix-20260916 (26758 ms)
通过: run-v12 (13016 ms)
通过: pipetting-v12 (6133 ms)
通过: v12-database (84 ms)
通过: refactor (15409 ms)
通过: legacy (19517 ms)
通过: compact-ui (6149 ms)
通过: plate (1295 ms)
通过: storage-appearance (4695 ms)
通过: appearance (27920 ms)
通过: integration (2713 ms)
通过: database (84 ms)
通过: rejection (1258 ms)
通过: visual-v11 (6248 ms)
通过: standalone-v11 (1773 ms)
通过: ux-v13 (33214 ms)
通过: formal-exports (1499 ms)
通过: navigation-icons (40047 ms)
通过: colony-v13 (1287 ms)
通过: cache-clear-failure (1443 ms)
通过: copy-recent (4133 ms)
通过: transfection (2072 ms)
通过: transfection-database (1168 ms)
通过: presets-20260915 (22092 ms)
通过: offline-management-20260915 (2028 ms)
