
 RUN  v4.1.10 /Users/annayzhu/Documents/Playground/LabNest-visualization-20260920

 ❯ src/components/ui/Card.test.ts (1 test | 1 failed) 19ms
     × keeps the DOM attributes needed for responsive parameter scrolling 18ms

 Test Files  1 failed (1)
      Tests  1 failed (1)
   Start at  23:21:27
   Duration  302ms (transform 40ms, setup 0ms, import 90ms, tests 19ms, environment 0ms)


⎯⎯⎯⎯⎯⎯⎯ Failed Tests 1 ⎯⎯⎯⎯⎯⎯⎯

 FAIL  src/components/ui/Card.test.ts > CardBody layout attributes > keeps the DOM attributes needed for responsive parameter scrolling
AssertionError: expected '<div class="p-[var(--ln-content-paddi…' to contain 'data-visualization-parameter-scroll="…'

Expected: "data-visualization-parameter-scroll="true""
Received: "<div class="p-[var(--ln-content-padding)]">Controls</div>"

 ❯ src/components/ui/Card.test.ts:9:18
      7|   it('keeps the DOM attributes needed for responsive parameter scrolli…
      8|     const html = renderToStaticMarkup(createElement(CardBody, { 'data-…
      9|     expect(html).toContain('data-visualization-parameter-scroll="true"…
       |                  ^
     10|     expect(html).toContain('aria-label="Figure parameters"');
     11|     expect(html).toContain('Controls');

⎯⎯⎯⎯⎯⎯⎯⎯⎯⎯⎯⎯⎯⎯⎯⎯⎯⎯⎯⎯⎯⎯⎯⎯[1/1]⎯

