通过: run-v12 (12851 ms)
通过: pipetting-v12 (6178 ms)
通过: v12-database (89 ms)
通过: refactor (15405 ms)
通过: legacy (19585 ms)
通过: compact-ui (6097 ms)
通过: plate (1433 ms)
通过: storage-appearance (4689 ms)
通过: appearance (27214 ms)
通过: integration (2724 ms)
通过: database (86 ms)
通过: rejection (1248 ms)
通过: visual-v11 (6729 ms)
通过: standalone-v11 (1988 ms)
通过: ux-v13 (34419 ms)
通过: formal-exports (1529 ms)
通过: navigation-icons (40182 ms)
通过: colony-v13 (1309 ms)
通过: cache-clear-failure (1446 ms)
通过: copy-recent (4117 ms)
通过: transfection (1981 ms)
通过: transfection-database (1188 ms)
通过: presets-20260915 (18615 ms)
通过: offline-management-20260915 (2145 ms)
通过: reaction-mix-20260916 (25586 ms)
