
> labnest@0.1.0 lint
> eslint


/Users/annayzhu/Documents/Playground/LabNest/scripts/verify-editor-repair.mjs
  34:8    warning  'media' is assigned a value but never used  @typescript-eslint/no-unused-vars
  51:8    warning  'media' is assigned a value but never used  @typescript-eslint/no-unused-vars
  87:173  warning  'media' is assigned a value but never used  @typescript-eslint/no-unused-vars
  92:172  warning  'media' is assigned a value but never used  @typescript-eslint/no-unused-vars

/Users/annayzhu/Documents/Playground/LabNest/scripts/verify-entry-richtext.mjs
  10:665  warning  'source' is assigned a value but never used  @typescript-eslint/no-unused-vars

/Users/annayzhu/Documents/Playground/LabNest/src/components/EntityCreateForm.tsx
  10:7  warning  'entityTypes' is assigned a value but only used as a type  @typescript-eslint/no-unused-vars

/Users/annayzhu/Documents/Playground/LabNest/src/lib/protocol-document.ts
  424:9  warning  'stepSection' is assigned a value but never used  @typescript-eslint/no-unused-vars

/Users/annayzhu/Documents/Playground/LabNest/src/lib/run-materials.ts
  23:19  warning  '_' is assigned a value but never used  @typescript-eslint/no-unused-vars

/Users/annayzhu/Documents/Playground/LabNest/src/lib/structured-import.ts
  441:38  warning  '_' is assigned a value but never used    @typescript-eslint/no-unused-vars
  602:21  warning  '_' is assigned a value but never used    @typescript-eslint/no-unused-vars
  602:34  warning  '__' is assigned a value but never used   @typescript-eslint/no-unused-vars
  602:50  warning  '___' is assigned a value but never used  @typescript-eslint/no-unused-vars

✖ 12 problems (0 errors, 12 warnings)

