node:internal/modules/run_main:123
    triggerUncaughtException(
    ^

locator.click: Timeout 15000ms exceeded.
Call log:
[2m  - waiting for locator('.ln-protocol-result-template-editor').last().locator('[contenteditable="true"]').first()[22m
[2m    - locator resolved to <div tabindex="0" translate="no" spellcheck="true" contenteditable="true" class="tiptap ProseMirror ln-protocol-tiptap ln-compact-rich-tiptap min-h-20">…</div>[22m
[2m  - attempting click action[22m
[2m    2 × waiting for element to be visible, enabled and stable[22m
[2m      - element is not visible[22m
[2m    - retrying click action[22m
[2m    - waiting 20ms[22m
[2m    2 × waiting for element to be visible, enabled and stable[22m
[2m      - element is not visible[22m
[2m    - retrying click action[22m
[2m      - waiting 100ms[22m
[2m    29 × waiting for element to be visible, enabled and stable[22m
[2m       - element is not visible[22m
[2m     - retrying click action[22m
[2m       - waiting 500ms[22m

    at insertImage (/Users/annayzhu/Documents/Playground/LabNest-debug-20260909/scripts/verify-editor-repair.mjs:9:13)
    at /Users/annayzhu/Documents/Playground/LabNest-debug-20260909/scripts/verify-editor-repair.mjs:81:185 {
  log: [
    `  - waiting for locator('.ln-protocol-result-template-editor').last().locator('[contenteditable="true"]').first()`,
    '    - locator resolved to <div tabindex="0" translate="no" spellcheck="true" contenteditable="true" class="tiptap ProseMirror ln-protocol-tiptap ln-compact-rich-tiptap min-h-20">…</div>',
    '  - attempting click action',
    '    2 × waiting for element to be visible, enabled and stable',
    '      - element is not visible',
    '    - retrying click action',
    '    - waiting 20ms',
    '    2 × waiting for element to be visible, enabled and stable',
    '      - element is not visible',
    '    - retrying click action',
    '      - waiting 100ms',
    '    29 × waiting for element to be visible, enabled and stable',
    '       - element is not visible',
    '     - retrying click action',
    '       - waiting 500ms'
  ],
  name: 'TimeoutError'
}

Node.js v22.23.1
