
> labnest@0.1.0 lint
> eslint


/Users/annayzhu/Documents/Playground/LabNest-stage-a/public/tools/free-plate-layout/app.js
   933:14  warning  'error' is defined but never used              @typescript-eslint/no-unused-vars
  1136:82  warning  'error' is defined but never used              @typescript-eslint/no-unused-vars
  1268:12  warning  'standaloneNumber' is defined but never used   @typescript-eslint/no-unused-vars
  1274:12  warning  'plateOutput' is defined but never used        @typescript-eslint/no-unused-vars
  1275:12  warning  'roundedPlateValue' is defined but never used  @typescript-eslint/no-unused-vars
  1570:71  warning  'error' is defined but never used              @typescript-eslint/no-unused-vars
  2750:16  warning  'error' is defined but never used              @typescript-eslint/no-unused-vars
  2848:80  warning  'error' is defined but never used              @typescript-eslint/no-unused-vars
  3101:16  warning  'error' is defined but never used              @typescript-eslint/no-unused-vars

/Users/annayzhu/Documents/Playground/LabNest-stage-a/public/tools/free-plate-layout/calculator-engine.js
  2:5  warning  'LabNestCalculations' is assigned a value but never used  @typescript-eslint/no-unused-vars

/Users/annayzhu/Documents/Playground/LabNest-stage-a/src/components/EntityCreateForm.tsx
  10:7  warning  'entityTypes' is assigned a value but only used as a type  @typescript-eslint/no-unused-vars

/Users/annayzhu/Documents/Playground/LabNest-stage-a/src/lib/run-materials.ts
  23:19  warning  '_' is assigned a value but never used  @typescript-eslint/no-unused-vars

/Users/annayzhu/Documents/Playground/LabNest-stage-a/src/lib/structured-import.ts
  441:38  warning  '_' is assigned a value but never used    @typescript-eslint/no-unused-vars
  602:21  warning  '_' is assigned a value but never used    @typescript-eslint/no-unused-vars
  602:34  warning  '__' is assigned a value but never used   @typescript-eslint/no-unused-vars
  602:50  warning  '___' is assigned a value but never used  @typescript-eslint/no-unused-vars

✖ 16 problems (0 errors, 16 warnings)

