
> labnest@0.1.0 test
> vitest run src/lib/inventory-management.test.ts


 RUN  v4.1.10 /Users/annayzhu/Documents/Playground/LabNest-stage-a

 ❯ src/lib/inventory-management.test.ts (1 test | 1 failed) 6ms
     × does not report unknown quantity as depleted, but still warns about expiry 6ms

⎯⎯⎯⎯⎯⎯⎯ Failed Tests 1 ⎯⎯⎯⎯⎯⎯⎯

 FAIL  src/lib/inventory-management.test.ts > Inventory quantity visibility > does not report unknown quantity as depleted, but still warns about expiry
AssertionError: expected [ 'depleted', 'expired' ] to deeply equal [ 'expired' ]

- Expected
+ Received

  [
+   "depleted",
    "expired",
  ]

 ❯ src/lib/inventory-management.test.ts:6:134
      4| describe('Inventory quantity visibility',()=>{
      5|  it('does not report unknown quantity as depleted, but still warns abo…
      6|   expect(getInventoryRiskFlags({currentQuantity:0,quantityRecorded:fal…
       |                                                                                                                                      ^
      7|   expect(getInventoryRiskFlags({currentQuantity:0,quantityRecorded:tru…
      8|  });

⎯⎯⎯⎯⎯⎯⎯⎯⎯⎯⎯⎯⎯⎯⎯⎯⎯⎯⎯⎯⎯⎯⎯⎯[1/1]⎯


 Test Files  1 failed (1)
      Tests  1 failed (1)
   Start at  10:43:31
   Duration  212ms (transform 22ms, setup 0ms, import 30ms, tests 6ms, environment 0ms)

