通过: run-v12 (14200 ms)
通过: pipetting-v12 (6457 ms)
通过: v12-database (80 ms)
通过: refactor (15751 ms)
通过: legacy (19636 ms)
通过: compact-ui (6244 ms)
通过: plate (1237 ms)
通过: storage-appearance (4598 ms)
通过: appearance (26694 ms)
通过: integration (2698 ms)
通过: database (77 ms)
通过: rejection (1280 ms)
通过: visual-v11 (5089 ms)
通过: standalone-v11 (1746 ms)
通过: ux-v13 (32176 ms)
通过: formal-exports (1650 ms)
通过: navigation-icons (26291 ms)
通过: colony-v13 (1295 ms)
通过: cache-clear-failure (1720 ms)
通过: copy-recent (4156 ms)
通过: transfection (2057 ms)
通过: transfection-database (1181 ms)
