{
  "completedAt": "2026-09-06T01:44:35.408Z",
  "oldRoutes": [
    "hemocytometer",
    "seeding",
    "hydrogel",
    "split",
    "freezing",
    "transfection",
    "kill-curve",
    "viability",
    "od600",
    "cfu",
    "colony-counter",
    "reagent-dosing",
    "dilution",
    "fold-dilution",
    "serial-dilution",
    "molarity",
    "percent-solution",
    "media-recipe",
    "buffer-recipe",
    "ic50-ec50",
    "master-mix",
    "ligation",
    "tm",
    "dna-rna-conversion",
    "bradford-bca",
    "elisa-4pl",
    "wb-loading",
    "moi",
    "virus-titer",
    "unit-converter",
    "centrifuge"
  ],
  "checks": [
    "31 original IDs returned usable pages",
    "v1 raw backup preserved",
    "Original snapshot displayed without recomputation",
    "Ambiguous units block new result",
    "Favorite order retained and duplicates removed",
    "Old fold deep link restored",
    "Chinese catalog and alias searches"
  ],
  "errors": []
}
