通过: run-v12 (13096 ms)
通过: pipetting-v12 (6598 ms)
通过: v12-database (88 ms)
通过: refactor (15940 ms)
通过: legacy (19735 ms)
通过: compact-ui (6921 ms)
通过: plate (1363 ms)
通过: storage-appearance (4586 ms)
通过: appearance (28747 ms)
通过: integration (2915 ms)
通过: database (152 ms)
通过: rejection (1340 ms)
通过: visual-v11 (8120 ms)
通过: standalone-v11 (2366 ms)
通过: ux-v13 (33031 ms)
通过: formal-exports (1500 ms)
通过: navigation-icons (40263 ms)
通过: colony-v13 (1304 ms)
通过: cache-clear-failure (2487 ms)
通过: copy-recent (4072 ms)
通过: transfection (2032 ms)
通过: transfection-database (5155 ms)
