hemocytometer 1440 ok 
seeding 1440 ok 
hydrogel 1440 ok 
split 1440 ok 
freezing 1440 ok 
transfection 1440 ok 
viability 1440 ok 
dilution 1440 ok 
serial-dilution 1440 ok 
molarity 1440 ok 
percent-solution 1440 ok 
media-recipe 1440 ok 
buffer-recipe 1440 ok 
master-mix 1440 ok 
resuspension 1440 ok 
normalization 1440 ok 
kill-curve 1440 ok 
ligation 1440 ok 
tm 1440 ok 
dna-rna-conversion 1440 ok 
bradford-bca 1440 ok 
elisa-4pl 1440 ok 
ic50-ec50 1440 ok 
wb-loading 1440 ok 
od600 1440 ok 
cfu 1440 ok 
colony-counter 1440 ok 
moi 1440 ok 
virus-titer 1440 ok 
unit-converter 1440 ok 
centrifuge 1440 ok 
reagent-dosing 1440 ok 
fold-dilution 1440 ok 
hemocytometer 390 ok 
seeding 390 ok 
hydrogel 390 ok 
split 390 ok 
freezing 390 ok 
transfection 390 ok 
viability 390 ok 
dilution 390 ok 
serial-dilution 390 ok 
molarity 390 ok 
percent-solution 390 ok 
media-recipe 390 ok 
buffer-recipe 390 ok 
master-mix 390 ok 
resuspension 390 ok 
normalization 390 ok 
kill-curve 390 ok 
ligation 390 ok 
tm 390 ok 
dna-rna-conversion 390 ok 
bradford-bca 390 ok 
elisa-4pl 390 ok 
ic50-ec50 390 ok 
wb-loading 390 ok 
od600 390 ok 
cfu 390 ok 
colony-counter 390 ok 
moi 390 ok 
virus-titer 390 ok 
unit-converter 390 ok 
centrifuge 390 ok 
reagent-dosing 390 ok 
fold-dilution 390 ok 
