passed dilution final
passed dilution add
passed dilution fold
passed dilution ratio
passed dilution parts
passed hemocytometer custom geometry
passed split different areas
passed molarity mass
passed molarity concentration
passed molarity volume
passed percent-solution w/v
passed percent-solution v/v
passed percent-solution w/w
passed resuspension amount
passed resuspension mass
passed resuspension mass-molar
passed centrifuge rpm-to-rcf
passed centrifuge rcf-to-rpm
passed serial-dilution mixed-prepared
passed serial-dilution mixed-stock
passed serial-dilution retained-prepared
passed serial-dilution retained-stock
passed serial-dilution linear
passed serial-dilution custom
passed media-recipe final
passed media-recipe add
passed buffer-recipe final
passed buffer-recipe add
passed normalization 20 samples with invalid row
passed wb-loading 20 samples with invalid row
passed cfu with efficiency
passed cfu without efficiency
passed virus-titer TCID50
passed wb-loading buffer already contains reducer
passed wb-loading target active reducer
passed transfection dna-single
passed transfection dna-two-tube
passed transfection multi-dna-single
passed transfection multi-dna-two-tube
passed transfection sirna-single
passed transfection sirna-two-tube
passed transfection multi-sirna-single
passed transfection multi-sirna-two-tube
passed transfection shrna-plasmid-single
passed transfection shrna-plasmid-two-tube
passed transfection dna-sirna-single
passed transfection dna-sirna-two-tube
passed transfection each-nm
passed transfection each-pmol
passed transfection total-nm
passed transfection total-pmol
passed transfection mass-ratio
passed transfection molar-ratio
passed master-mix two groups
