
> labnest@0.1.0 build
> node scripts/build-calculator-icons.mjs && node scripts/build-calculator-standalone.mjs && prisma generate && next build

Loaded Prisma config from prisma.config.ts.

Prisma schema loaded from prisma/schema.prisma.

✔ Generated Prisma Client (7.8.0) to ./src/generated/prisma in 305ms

▲ Next.js 16.2.10 (Turbopack)
- Environments: .env
- Experiments (use with caution):
  · serverActions

  Creating an optimized production build ...
Turbopack build encountered 1 warnings:
./src/lib/result-datasets.ts:89:24
The file pattern (<dynamic> '/' <dynamic> '/' <dynamic> '-' <dynamic> | <dynamic> '/' <dynamic> '-' <dynamic> | <dynamic> '/' <dynamic> '-' <dynamic> | <dynamic> '-' <dynamic>) matches 10693 files in [project]/
  [90m87 |[0m ....name);
  [90m88 |[0m ...
[31m[1m>[0m [90m89 |[0m ...ullYear()), [33mString[0m(now.getUTCMonth() + [35m1[0m).padStart([35m2[0m, [32m"0"[0m), [32m`[0m${randomUUID()[32m}-[0m${safeAtta...
  [90m   |[0m    [31m[1m^^^^^^^^^^^^^^^^^^^^^^^^^^^^^^^^^^^^^^^^^^^^^^^^^^^^^^^^^^^^^^^^^^^^^^^^^^^^^^^^^^^^^^^^^^[0m
  [90m90 |[0m ...ath);
  [90m91 |[0m ...ve: [36mtrue[0m });
  [90m92 |[0m ...

Overly broad patterns can lead to build performance issues and over bundling.

Import trace:
  App Route:
    ./src/lib/result-datasets.ts
    ./src/app/api/results/datasets/[id]/route.ts


✓ Compiled successfully in 7.8s
  Running TypeScript ...
  Finished TypeScript in 14.1s ...
  Collecting page data using 13 workers ...
  Generating static pages using 13 workers (0/79) ...
  Generating static pages using 13 workers (19/79) 
  Generating static pages using 13 workers (39/79) 
  Generating static pages using 13 workers (59/79) 
✓ Generating static pages using 13 workers (79/79) in 180ms
  Finalizing page optimization ...

Route (app)
┌ ƒ /
├ ƒ /_not-found
├ ƒ /actions
├ ƒ /actions/manual
├ ƒ /api/ai/manual/parse
├ ƒ /api/ai/manual/prompt
├ ƒ /api/attachments
├ ƒ /api/attachments/[id]
├ ƒ /api/attachments/package
├ ƒ /api/entries
├ ƒ /api/entries/[id]
├ ƒ /api/entries/[id]/assignment
├ ƒ /api/experiments/[id]/copy
├ ƒ /api/experiments/[id]/materials
├ ƒ /api/exports/backup.json
├ ƒ /api/exports/entities.csv
├ ƒ /api/exports/inventory.csv
├ ƒ /api/exports/protocols.json
├ ƒ /api/exports/results.csv
├ ƒ /api/health
├ ƒ /api/inventory/[id]/containers
├ ƒ /api/mobile/calculations
├ ƒ /api/mobile/inventory-transactions
├ ƒ /api/mobile/measurements
├ ƒ /api/mobile/step-completions
├ ƒ /api/protocols/[id]/versions/[versionId]/docx
├ ƒ /api/protocols/[id]/versions/[versionId]/json
├ ƒ /api/protocols/relevant-items
├ ƒ /api/protocols/template/docx
├ ƒ /api/purchases
├ ƒ /api/purchases/[id]
├ ƒ /api/purchases/export
├ ƒ /api/purchases/quotes
├ ƒ /api/reports/[id]/markdown
├ ƒ /api/research-plans/[id]/relations
├ ƒ /api/results/[id]/datasets
├ ƒ /api/results/datasets/[id]
├ ƒ /api/search
├ ƒ /api/sequences/export
├ ƒ /api/sequences/template
├ ƒ /api/structured-export/[module]
├ ƒ /api/structured-import/[module]/confirm
├ ƒ /api/structured-import/[module]/preview
├ ƒ /api/structured-import/[module]/template
├ ƒ /attachments
├ ƒ /attachments/[id]
├ ƒ /entities
├ ƒ /entities/new
├ ƒ /entries
├ ƒ /entries/[id]
├ ƒ /entries/[id]/edit
├ ƒ /entries/new
├ ƒ /experiments
├ ƒ /experiments/[id]
├ ƒ /experiments/[id]/edit
├ ƒ /experiments/[id]/run
├ ƒ /experiments/export
├ ƒ /experiments/import
├ ƒ /experiments/new
├ ƒ /exports
├ ƒ /inventory
├ ƒ /inventory/[id]
├ ƒ /inventory/[id]/edit
├ ƒ /inventory/export
├ ƒ /inventory/import
├ ƒ /inventory/locations
├ ƒ /inventory/new
├ ƒ /projects
├ ƒ /projects/[id]
├ ƒ /projects/[id]/edit
├ ƒ /projects/export
├ ƒ /projects/import
├ ƒ /projects/new
├ ƒ /protocol-run
├ ƒ /protocols
├ ƒ /protocols/[id]
├ ƒ /protocols/[id]/adapt
├ ƒ /protocols/[id]/versions/[versionId]/edit
├ ƒ /protocols/export
├ ƒ /protocols/import
├ ƒ /protocols/new
├ ƒ /purchases
├ ƒ /purchases/[id]
├ ƒ /purchases/import
├ ƒ /purchases/new
├ ƒ /purchases/school-template
├ ƒ /records
├ ƒ /reports
├ ƒ /reports/[id]
├ ƒ /reports/[id]/edit
├ ƒ /reports/export
├ ƒ /reports/import
├ ƒ /reports/new
├ ƒ /research-plans
├ ƒ /research-plans/[id]
├ ƒ /research-plans/[id]/edit
├ ƒ /research-plans/export
├ ƒ /research-plans/import
├ ƒ /research-plans/new
├ ƒ /results
├ ƒ /results/[id]
├ ƒ /results/[id]/edit
├ ƒ /results/export
├ ƒ /results/import
├ ƒ /results/new
├ ƒ /samples
├ ƒ /search
├ ƒ /sequences
├ ƒ /sequences/[id]
├ ƒ /sequences/[id]/edit
├ ƒ /sequences/collections
├ ƒ /sequences/collections/[id]
├ ƒ /sequences/collections/[id]/edit
├ ƒ /sequences/collections/export
├ ƒ /sequences/collections/new
├ ƒ /sequences/export
├ ƒ /sequences/import
├ ƒ /sequences/new
├ ƒ /sequences/pairs/[id]
├ ƒ /sequences/pairs/[id]/edit
├ ƒ /sequences/workflows
├ ƒ /sequences/workflows/[id]
├ ƒ /sequences/workflows/new
├ ƒ /settings
├ ƒ /tools
├ ƒ /tools/[toolId]
├ ƒ /tools/calculator
├ ƒ /tools/calculator/[calculatorId]
├ ƒ /tools/visualization
└ ƒ /trash


ƒ  (Dynamic)  server-rendered on demand

