
> labnest@0.1.0 lint
> eslint


$PROJECT_ROOT/scripts/verify-editor-repair.mjs
  34:8    warning  'media' is assigned a value but never used  @typescript-eslint/no-unused-vars
  51:8    warning  'media' is assigned a value but never used  @typescript-eslint/no-unused-vars
  87:173  warning  'media' is assigned a value but never used  @typescript-eslint/no-unused-vars
  92:172  warning  'media' is assigned a value but never used  @typescript-eslint/no-unused-vars

$PROJECT_ROOT/scripts/verify-entry-image-recovery.mjs
  1:42  warning  'assert' is defined but never used  @typescript-eslint/no-unused-vars

$PROJECT_ROOT/scripts/verify-entry-richtext.mjs
  10:665  warning  'source' is assigned a value but never used  @typescript-eslint/no-unused-vars

$PROJECT_ROOT/src/components/EntityCreateForm.tsx
  10:7  warning  'entityTypes' is assigned a value but only used as a type  @typescript-eslint/no-unused-vars

$PROJECT_ROOT/src/lib/run-materials.ts
  23:19  warning  '_' is assigned a value but never used  @typescript-eslint/no-unused-vars

$PROJECT_ROOT/src/lib/structured-import.ts
  441:38  warning  '_' is assigned a value but never used    @typescript-eslint/no-unused-vars
  602:21  warning  '_' is assigned a value but never used    @typescript-eslint/no-unused-vars
  602:34  warning  '__' is assigned a value but never used   @typescript-eslint/no-unused-vars
  602:50  warning  '___' is assigned a value but never used  @typescript-eslint/no-unused-vars

✖ 12 problems (0 errors, 12 warnings)

