CI head: f96624ca92d947b56744af3f5f5e5ace3d1d95b2
Run: https://github.com/annayzhu/LabNest/actions/runs/37432095190
Before test synchronization correction; application source unchanged.

55:00.1970228Z     ^
2026-10-06T07:55:00.1970340Z 
2026-10-06T07:55:00.1970518Z page.reload: Timeout 15000ms exceeded.
2026-10-06T07:55:00.1971114Z Call log:
2026-10-06T07:55:00.1971596Z   - waiting for navigation until "networkidle"
2026-10-06T07:55:00.1972147Z     - navigated to "http://localhost:3331/entries/cmuwdv4iy005apu1ojgfc81h7"
2026-10-06T07:55:00.1972478Z 
2026-10-06T07:55:00.1972816Z     at /home/runner/work/LabNest/LabNest/scripts/verify-entry-image-recovery.mjs:4:72 {
2026-10-06T07:55:00.1973255Z   log: [
2026-10-06T07:55:00.1973537Z     '  - waiting for navigation until "networkidle"',
2026-10-06T07:55:00.1974023Z     '    - navigated to "http://localhost:3331/entries/cmuwdv4iy005apu1ojgfc81h7"'
2026-10-06T07:55:00.1976244Z   ],
2026-10-06T07:55:00.1976698Z   name: 'TimeoutError'
2026-10-06T07:55:00.1977068Z }
2026-10-06T07:55:00.1977228Z 
2026-10-06T07:55:00.1977361Z Node.js v22.23.3
2026-10-06T07:55:00.2129228Z ##[error]Process completed with exit code 1.
2026-10-06T07:55:00.2221317Z ##[group]Run a

