Workflow https://github.com/annayzhu/LabNest/actions/runs/37659661164
Job 112924748583; associated PR HEAD 83c12793ebca78b4d8d331f84a5634f9a502fe61
Checkout temporary merge ref 8121ac89f4366fd42a2af007bc09899bcde2ae95
Extracted browser log; complete log and screenshots/exports are in the workflow artifact.
2026-10-07T17:33:33.3162716Z ##[group]Runner Image Provisioner
2026-10-07T17:33:33.3168551Z ##[group]Runner Image
2026-10-07T17:33:53.9301382Z ##[group]Run actions/checkout@v4
2026-10-07T17:34:10.9071387Z ##[group]Run actions/setup-node@v4
2026-10-07T17:34:14.6106343Z ##[group]Run npm ci
2026-10-07T17:34:29.9820399Z ##[group]Run npx playwright install --with-deps chromium webkit
2026-10-07T17:35:10.9772477Z ##[group]Run npm run build
2026-10-07T17:35:30.3336619Z ✓ Compiled successfully in 12.9s
2026-10-07T17:35:44.5308724Z ##[group]Run node scripts/calculator-acceptance-server.mjs > calculator-server.log 2>&1 &
2026-10-07T17:35:48.0941875Z ##[group]Run node scripts/verify-calculator-v13-acceptance.mjs
2026-10-07T17:40:12.5961187Z ##[group]Run UI_PHASE=after node scripts/verify-calculator-ui-consistency-20261007.mjs
2026-10-07T17:42:50.1280393Z ##[group]Run node scripts/verify-calculator-ui-state-20261007.mjs
2026-10-07T17:43:34.8501527Z ##[group]Run node scripts/verify-calculator-ui-entries-20261007.mjs
2026-10-07T17:44:05.9489708Z ##[group]Run node scripts/verify-calculator-ui-selectors-20261007.mjs
2026-10-07T17:44:09.0494035Z ##[group]Run node scripts/verify-calculator-ui-modes-20260915.mjs
2026-10-07T17:44:09.8898096Z passed dilution final
2026-10-07T17:44:10.3238266Z passed dilution add
2026-10-07T17:44:10.6723191Z passed dilution fold
2026-10-07T17:44:11.0218185Z passed dilution ratio
2026-10-07T17:44:11.3564362Z passed dilution parts
2026-10-07T17:44:11.7384156Z passed hemocytometer custom geometry
2026-10-07T17:44:12.0884414Z passed split different areas
2026-10-07T17:44:12.4226715Z passed molarity mass
2026-10-07T17:44:12.7873258Z passed molarity concentration
2026-10-07T17:44:13.1380255Z passed molarity volume
2026-10-07T17:44:13.5202745Z passed percent-solution w/v
2026-10-07T17:44:13.9383063Z passed percent-solution v/v
2026-10-07T17:44:14.3218984Z passed percent-solution w/w
2026-10-07T17:44:14.7042147Z passed resuspension amount
2026-10-07T17:44:15.1888339Z passed resuspension mass
2026-10-07T17:44:15.5552595Z passed resuspension mass-molar
2026-10-07T17:44:15.8690511Z passed centrifuge rpm-to-rcf
2026-10-07T17:44:16.2026013Z passed centrifuge rcf-to-rpm
2026-10-07T17:44:16.6041993Z passed serial-dilution mixed-prepared
2026-10-07T17:44:16.9864632Z passed serial-dilution mixed-stock
2026-10-07T17:44:17.3871658Z passed serial-dilution retained-prepared
2026-10-07T17:44:17.7691574Z passed serial-dilution retained-stock
2026-10-07T17:44:18.2688371Z passed serial-dilution linear
2026-10-07T17:44:18.8019832Z passed serial-dilution custom
2026-10-07T17:44:19.2181060Z passed media-recipe final
2026-10-07T17:44:19.7337289Z passed media-recipe add
2026-10-07T17:44:20.0847235Z passed buffer-recipe final
2026-10-07T17:44:20.5835640Z passed buffer-recipe add
2026-10-07T17:44:20.9418994Z passed normalization 20 samples with invalid row
2026-10-07T17:44:21.3260375Z passed wb-loading 20 samples with invalid row
2026-10-07T17:44:21.6522644Z passed cfu with efficiency
2026-10-07T17:44:21.9856621Z passed cfu without efficiency
2026-10-07T17:44:22.3912216Z passed virus-titer TCID50
2026-10-07T17:44:22.9689273Z passed wb-loading buffer already contains reducer
2026-10-07T17:44:23.4227140Z passed wb-loading target active reducer
2026-10-07T17:44:23.8715353Z passed transfection dna-single
2026-10-07T17:44:24.3411362Z passed transfection dna-two-tube
2026-10-07T17:44:24.8910645Z passed transfection multi-dna-single
2026-10-07T17:44:25.2919193Z passed transfection multi-dna-two-tube
2026-10-07T17:44:25.7720959Z passed transfection sirna-single
2026-10-07T17:44:26.1914227Z passed transfection sirna-two-tube
2026-10-07T17:44:26.8173342Z passed transfection multi-sirna-single
2026-10-07T17:44:27.2584355Z passed transfection multi-sirna-two-tube
2026-10-07T17:44:27.7382029Z passed transfection shrna-plasmid-single
2026-10-07T17:44:28.2074829Z passed transfection shrna-plasmid-two-tube
2026-10-07T17:44:28.7061335Z passed transfection dna-sirna-single
2026-10-07T17:44:29.1427421Z passed transfection dna-sirna-two-tube
2026-10-07T17:44:29.6081463Z passed transfection each-nm
2026-10-07T17:44:30.0427203Z passed transfection each-pmol
2026-10-07T17:44:30.4746474Z passed transfection total-nm
2026-10-07T17:44:30.8912632Z passed transfection total-pmol
2026-10-07T17:44:31.3245310Z passed transfection mass-ratio
2026-10-07T17:44:31.7412737Z passed transfection molar-ratio
2026-10-07T17:44:32.1702637Z passed master-mix two groups
2026-10-07T17:44:32.2621834Z ##[group]Run PLATE_EVIDENCE_DIR=docs/calculator/plate-integration-20261007/evidence/ci node scripts/verify-plate-calculator-integration.mjs
2026-10-07T17:45:20.3602483Z   "sha": "8121ac89f4366fd42a2af007bc09899bcde2ae95",
2026-10-07T17:45:20.3609428Z       "passed": "Actual editor inputs → calculate → save → current plan and typed contributions"
2026-10-07T17:45:20.3615060Z       "passed": "Actual editor inputs → calculate → save → current plan and typed contributions"
2026-10-07T17:45:20.3618701Z       "passed": "Actual editor inputs → calculate → save → current plan and typed contributions"
2026-10-07T17:45:20.3624103Z       "passed": "Actual editor inputs → calculate → save → current plan and typed contributions"
2026-10-07T17:45:20.3629989Z       "passed": "Actual editor inputs → calculate → save → current plan and typed contributions"
2026-10-07T17:45:20.3635342Z       "passed": "Actual editor inputs → calculate → save → current plan and typed contributions"
2026-10-07T17:45:20.3640873Z       "passed": "Actual editor inputs → calculate → save → current plan and typed contributions"
2026-10-07T17:45:20.3644176Z       "passed": "Actual editor inputs → calculate → save → current plan and typed contributions"
2026-10-07T17:45:20.3649704Z       "passed": "Actual editor inputs → calculate → save → current plan and typed contributions"
2026-10-07T17:45:20.3655276Z       "passed": "Actual editor inputs → calculate → save → current plan and typed contributions"
2026-10-07T17:45:20.3656388Z       "passed": [
2026-10-07T17:45:20.3660320Z       "passed": [
2026-10-07T17:45:20.3664162Z       "passed": [
2026-10-07T17:45:20.3668008Z       "passed": [
2026-10-07T17:45:20.3671546Z   "failures": []
2026-10-07T17:45:20.3814771Z ##[group]Run actions/upload-artifact@v4
